cp-hard-alias-before native exit=0 stdout="alias-source.txt|71634518|2|17\nalias-dest.txt|71634518|2|17\n" stderr=""
cp-hard-alias-before moon exit=0 stdout="alias-source.txt|71634524|2|17\nalias-dest.txt|71634524|2|17\n" stderr=""
cp-hard-alias native exit=1 stdout="" stderr="cp: alias-dest.txt and alias-source.txt are identical (not copied).\n"
cp-hard-alias moon exit=0 stdout="" stderr=""
cp-hard-alias-after native exit=0 stdout="DO NOT LOSE THIS\nDO NOT LOSE THIS\n" stderr=""
cp-hard-alias-after moon exit=0 stdout="" stderr=""
cp-hard-alias-stat-after native exit=0 stdout="alias-source.txt|71634518|2|17\nalias-dest.txt|71634518|2|17\n" stderr=""
cp-hard-alias-stat-after moon exit=0 stdout="alias-source.txt|71634524|2|0\nalias-dest.txt|71634524|2|0\n" stderr=""
cp-dest-link native exit=0 stdout="" stderr=""
cp-dest-link moon exit=1 stdout="" stderr="cp: cannot copy 'source.txt' to 'dest-link.txt': refusing to overwrite symbolic link: 'dest-link.txt'\n"
cp-dest-link-content native exit=0 stdout="alpha\nbeta\n" stderr=""
cp-dest-link-content moon exit=0 stdout="original\n" stderr=""
touch-basic native exit=0 stdout="" stderr=""
touch-basic moon exit=0 stdout="" stderr=""
touch-basic-content native exit=0 stdout="retain these bytes\n" stderr=""
touch-basic-content moon exit=0 stdout="retain these bytes\n" stderr=""
touch-basic-stat native exit=0 stdout="touch-basic.txt|1789830663|1789830663|19\n" stderr=""
touch-basic-stat moon exit=0 stdout="touch-basic.txt|1789830663|1789830663|19\n" stderr=""
touch-dir native exit=0 stdout="" stderr=""
touch-dir moon exit=1 stdout="" stderr="touch: cannot update non-regular file 'empty'\n"
touch-link native exit=0 stdout="" stderr=""
touch-link moon exit=1 stdout="" stderr="touch: refusing symbolic link 'sym.txt'\n"
chmod-link native exit=0 stdout="" stderr=""
chmod-link moon exit=1 stdout="" stderr="chmod: cannot change mode: cli/chmod.ChmodError.ChmodError\n"
find-mtime native exit=0 stdout="tree/.hidden\ntree/sub/b.txt\ntree/a.txt\n" stderr=""
find-mtime moon exit=0 stdout="tree/.hidden\ntree/a.txt\ntree/sub/b.txt\n" stderr=""
find-prune native exit=0 stdout="tree\ntree/.hidden\ntree/a.txt\n" stderr=""
find-prune moon exit=0 stdout="tree\ntree/.hidden\ntree/a.txt\n" stderr=""
test-expression native exit=0 stdout="" stderr=""
test-expression moon exit=0 stdout="" stderr=""
chmod-complete-symbolic native exit=0 stdout="" stderr=""
chmod-complete-symbolic moon exit=0 stdout="" stderr=""
chmod-complete-symbolic-stat native exit=0 stdout="chmod.txt|-rw-r-----\n" stderr=""
chmod-complete-symbolic-stat moon exit=0 stdout="chmod.txt|-rw-r-----\n" stderr=""
mkdir-simple native exit=0 stdout="" stderr=""
mkdir-simple moon exit=0 stdout="" stderr=""
rmdir-simple native exit=0 stdout="" stderr=""
rmdir-simple moon exit=0 stdout="" stderr=""
