Warning: [0020]
    ╭─[ /private/tmp/cmd-audit-20260919-fs/run.mbtx:26:27 ]
    │
 26 │   let serialized = record.to_json().stringify()
    │                           ───┬───  
    │                              ╰───── Warning (deprecated): The method `to_json` is implicitly promoted from `impl ToJson for Record`. This behavior is deprecated, either use `ToJson::to_json` instead or add a `extend Record with ToJson::{to_json, ..}` declaration.
────╯
cp-basic native exit=0 stdout="" stderr=""
cp-basic moon exit=0 stdout="" stderr=""
cp-preserve native exit=0 stdout="" stderr=""
cp-preserve moon exit=1 stdout="" stderr="cp: metadata and symbolic-link preservation are unavailable in the portable filesystem profile\n"
cp-archive native exit=0 stdout="" stderr=""
cp-archive moon exit=1 stdout="" stderr="cp: metadata and symbolic-link preservation are unavailable in the portable filesystem profile\n"
cp-link-default native exit=0 stdout="" stderr=""
cp-link-default moon exit=0 stdout="" stderr=""
cp-link-physical native exit=0 stdout="" stderr=""
cp-link-physical moon exit=1 stdout="" stderr="cp: cannot copy 'link.txt' to 'physical.txt': symbolic-link sources are not supported: 'link.txt'\n"
cp-self native exit=1 stdout="" stderr="cp: source.txt and source.txt are identical (not copied).\n"
cp-self moon exit=1 stdout="" stderr="cp: cannot copy 'source.txt' to 'source.txt': source and destination are the same file\n"
cp-result-stat native exit=0 stdout="source.txt|-rw-r-----|1577905445|11|\nbasic.txt|-rw-r-----|1789830538|11|\npreserve.txt|-rw-r-----|1577905445|11|\nfollow.txt|-rw-r-----|1789830538|11|\nphysical.txt|lrwxr-xr-x|1789830539|10|source.txt\narchive/sub/link|lrwxr-xr-x|1789830538|8|../a.txt\n" stderr=""
cp-result-stat moon exit=1 stdout="source.txt|-rw-r-----|1577905445|11|\nbasic.txt|-rw-r--r--|1789830538|11|\nfollow.txt|-rw-r--r--|1789830539|11|\n" stderr="stat: preserve.txt: stat: No such file or directory\nstat: physical.txt: stat: No such file or directory\nstat: archive/sub/link: stat: No such file or directory\n"
mv-basic native exit=0 stdout="" stderr=""
mv-basic moon exit=0 stdout="" stderr=""
mv-no-clobber native exit=0 stdout="" stderr=""
mv-no-clobber moon exit=0 stdout="" stderr=""
mv-content native exit=0 stdout="move\noriginal\n" stderr=""
mv-content moon exit=0 stdout="move\noriginal\n" stderr=""
rm-link native exit=0 stdout="" stderr=""
rm-link moon exit=0 stdout="" stderr=""
rm-force-missing native exit=0 stdout="" stderr=""
rm-force-missing moon exit=0 stdout="" stderr=""
rm-recursive native exit=0 stdout="" stderr=""
rm-recursive moon exit=0 stdout="" stderr=""
mkdir-mode native exit=0 stdout="" stderr=""
mkdir-mode moon exit=0 stdout="" stderr=""
mkdir-result-stat native exit=0 stdout="created|drwxr-xr-x\ncreated/a|drwx------\n" stderr=""
mkdir-result-stat moon exit=0 stdout="created|drwx------\ncreated/a|drwx------\n" stderr=""
rmdir-parents native exit=0 stdout="" stderr=""
rmdir-parents moon exit=0 stdout="" stderr=""
ln-hard native exit=0 stdout="" stderr=""
ln-hard moon exit=1 stdout="" stderr="ln: hard links are unavailable in the portable filesystem API; use -s\n"
ln-sym native exit=0 stdout="" stderr=""
ln-sym moon exit=0 stdout="" stderr=""
ln-result-stat native exit=0 stdout="source.txt|-rw-r-----|2|\nhard.txt|-rw-r-----|2|\nsym.txt|lrwxr-xr-x|1|source.txt\n" stderr=""
ln-result-stat moon exit=1 stdout="source.txt|-rw-r-----|1|\nsym.txt|lrwxr-xr-x|1|source.txt\n" stderr="stat: hard.txt: stat: No such file or directory\n"
ls-one native exit=0 stdout="a.txt\nsub\n" stderr=""
ls-one moon exit=0 stdout="a.txt\nsub\n" stderr=""
ls-long native exit=0 stdout="-rw-r-----@ 2 winter  wheel  11 Jan  2  2020 source.txt\nlrwxr-xr-x@ 1 winter  wheel  10 Sep 19 23:09 sym.txt -> source.txt\n" stderr=""
ls-long moon exit=2 stdout="" stderr="ls: unknown short option: 'l'\n"
find-type native exit=0 stdout="tree/sub/b.txt\ntree/a.txt\n" stderr=""
find-type moon exit=0 stdout="tree/a.txt\ntree/sub/b.txt\n" stderr=""
find-group native exit=0 stdout="tree/sub/b.txt\ntree/a.txt\n" stderr=""
find-group moon exit=0 stdout="tree/a.txt\ntree/sub/b.txt\n" stderr=""
find-exec native exit=0 stdout="hit tree/a.txt\n" stderr=""
find-exec moon exit=0 stdout="hit tree/a.txt\n" stderr=""
find-size native exit=0 stdout="tree/.hidden\ntree/sub/b.txt\ntree/a.txt\n" stderr=""
find-size moon exit=0 stdout="tree/.hidden\ntree/a.txt\ntree/sub/b.txt\n" stderr=""
chmod-octal native exit=0 stdout="" stderr=""
chmod-octal moon exit=0 stdout="" stderr=""
chmod-octal-stat native exit=0 stdout="chmod.txt|-rw-------\n" stderr=""
chmod-octal-stat moon exit=0 stdout="chmod.txt|-rw-------\n" stderr=""
chmod-symbolic native exit=0 stdout="" stderr=""
chmod-symbolic moon exit=2 stdout="" stderr="chmod: invalid mode 'u+x,g=u,o-rwx': symbolic mode must use '='\n"
chmod-symbolic-stat native exit=0 stdout="chmod.txt|-rwxrwx---\n" stderr=""
chmod-symbolic-stat moon exit=0 stdout="chmod.txt|-rw-------\n" stderr=""
touch-set-time native exit=0 stdout="" stderr=""
touch-set-time moon exit=1 stdout="" stderr="touch: selecting or setting timestamps is unavailable in the portable filesystem API\n"
touch-reference native exit=0 stdout="" stderr=""
touch-reference moon exit=1 stdout="" stderr="touch: selecting or setting timestamps is unavailable in the portable filesystem API\n"
touch-no-create native exit=0 stdout="" stderr=""
touch-no-create moon exit=0 stdout="" stderr=""
touch-stat native exit=1 stdout="touched.txt|1577905445|1577905445|0\nref.txt|1577905445|1577905445|0\n" stderr="stat: nocreate.txt: stat: No such file or directory\n"
touch-stat moon exit=1 stdout="" stderr="stat: touched.txt: stat: No such file or directory\nstat: ref.txt: stat: No such file or directory\nstat: nocreate.txt: stat: No such file or directory\n"
tee-basic native exit=0 stdout="first\n" stderr=""
tee-basic moon exit=0 stdout="first\n" stderr=""
tee-append native exit=0 stdout="second\n" stderr=""
tee-append moon exit=0 stdout="second\n" stderr=""
tee-content native exit=0 stdout="first\nsecond\n" stderr=""
tee-content moon exit=0 stdout="first\nsecond\n" stderr=""
pwd-basic native exit=0 stdout="/private/tmp/cmd-audit-20260919-fs/native\n" stderr=""
pwd-basic moon exit=0 stdout="/private/tmp/cmd-audit-20260919-fs/moon\n" stderr=""
basename-suffix native exit=0 stdout="archive.tar\n" stderr=""
basename-suffix moon exit=0 stdout="archive.tar\n" stderr=""
dirname-trailing native exit=0 stdout="/a/b\n" stderr=""
dirname-trailing moon exit=0 stdout="/a/b\n" stderr=""
test-file native exit=0 stdout="" stderr=""
test-file moon exit=0 stdout="" stderr=""
test-integer native exit=1 stdout="" stderr=""
test-integer moon exit=1 stdout="" stderr=""
test-symlink native exit=0 stdout="" stderr=""
test-symlink moon exit=0 stdout="" stderr=""
final-tree native exit=0 stdout="./tree/.hidden\n./tree/sub/b.txt\n./tree/sub/link\n./tree/a.txt\n./exist.txt\n./archive/.hidden\n./archive/sub/b.txt\n./archive/sub/link\n./archive/a.txt\n./physical.txt\n./touched.txt\n./follow.txt\n./chmod.txt\n./moved.txt\n./preserve.txt\n./source.txt\n./hard.txt\n./tee.txt\n./sym.txt\n./basic.txt\n./ref.txt\n" stderr=""
final-tree moon exit=0 stdout="./tree/.hidden\n./tree/sub/b.txt\n./tree/sub/link\n./tree/a.txt\n./exist.txt\n./follow.txt\n./chmod.txt\n./moved.txt\n./source.txt\n./tee.txt\n./sym.txt\n./basic.txt\n" stderr=""
